[vivaco.com/demo/startuply/index-fast-register.html]
[backblue.gif]
[fade.gif]
[index.html]
[vivaco.com/demo/startuply/assets/img/favicon.ico]
[vivaco.com/demo/startuply/assets/img/apple-touch-icon.jpg]
[vivaco.com/demo/startuply/assets/img/apple-touch-icon-72x72.jpg]
[vivaco.com/demo/startuply/assets/img/apple-touch-icon-114x114.jpg]
[vivaco.com/demo/startuply/assets/css/custom-animations.css]
[vivaco.com/demo/startuply/assets/css/lib/font-awesome.min.css]
[vivaco.com/demo/startuply/index.html]
[vivaco.com/demo/startuply/assets/css/style.css]
[vivaco.com/demo/startuply/index-clickthrough.html]
[vivaco.com/demo/startuply/index-color.html]
[vivaco.com/demo/startuply/index-promo.html]
[vivaco.com/demo/startuply/index-waiting-list.html]
[vivaco.com/demo/startuply/index-video.html]
[vivaco.com/demo/startuply/index-video-youtube.html]
[vivaco.com/demo/startuply/index-video-vimeo.html]
[vivaco.com/demo/startuply/blog.html]
[vivaco.com/demo/startuply/blog-post.html]
[vivaco.com/demo/startuply/product-grid.html]
[vivaco.com/demo/startuply/product-list.html]
[vivaco.com/demo/startuply/product.html]
[vivaco.com/demo/startuply/cart-checkout.html]
[vivaco.com/demo/startuply/payment-confirm.html]
[vivaco.com/demo/startuply/register.html]
[vivaco.com/demo/startuply/forms.html]
[vivaco.com/demo/startuply/shortcodes.html]
[vivaco.com/demo/startuply/assets/img/logos/logo-1.png]
[vivaco.com/demo/startuply/assets/img/logos/logo-2.png]
[vivaco.com/demo/startuply/assets/img/logos/logo-3.png]
[vivaco.com/demo/startuply/assets/img/logos/logo-4.png]
[vivaco.com/demo/startuply/assets/img/logos/logo-5.png]
[vivaco.com/demo/startuply/assets/img/features/people.jpg]
[vivaco.com/demo/startuply/assets/img/features/phone.jpg]
[vivaco.com/demo/startuply/assets/img/features/content_image1.png]
[vivaco.com/demo/startuply/assets/img/features/helmet.jpg]
[vivaco.com/demo/startuply/assets/img/features/rich_features_1.png]
[vivaco.com/demo/startuply/assets/img/features/rich_features_2.png]
[vivaco.com/demo/startuply/assets/img/features/rich_features_3.png]
[vivaco.com/demo/startuply/assets/img/logos/award-5.jpg]
[vivaco.com/demo/startuply/assets/img/logos/award-3.jpg]
[vivaco.com/demo/startuply/assets/img/logos/award-4.jpg]
[vivaco.com/demo/startuply/assets/img/logos/award-1.jpg]
[vivaco.com/demo/startuply/assets/img/people/profile-1.jpg]
[vivaco.com/demo/startuply/assets/img/people/profile-2.jpg]
[vivaco.com/demo/startuply/assets/img/people/team-1.jpg]
[vivaco.com/demo/startuply/assets/img/people/team-2.jpg]
[vivaco.com/demo/startuply/assets/img/people/team-3.jpg]
[vivaco.com/demo/startuply/assets/img/people/team-4.jpg]
[vivaco.com/demo/startuply/assets/img/logo-white.png]
[vivaco.com/demo/startuply/assets/js/jquery-2.1.4.min68b3.js]
[vivaco.com/demo/startuply/assets/js/bootstrap.min.js]
[vivaco.com/demo/startuply/assets/js/jquery.flexslider-min.js]
[vivaco.com/demo/startuply/assets/js/jquery.appear.js]
[vivaco.com/demo/startuply/assets/js/jquery.plugin.js]
[vivaco.com/demo/startuply/assets/js/jquery.countdown.js]
[vivaco.com/demo/startuply/assets/js/jquery.waypoints.min.js]
[vivaco.com/demo/startuply/assets/js/jquery.validate.min.js]
[vivaco.com/demo/startuply/assets/js/toastr.min.js]
[vivaco.com/demo/startuply/index-fast-register.html]
[vivaco.com/demo/startuply/assets/js/startuply.js]
[vivaco.com/demo/startuply/assets/css/custom-animations.css]
[vivaco.com/demo/startuply/assets/css/lib/animate.css]
[vivaco.com/demo/startuply/assets/fonts/fontawesome-webfont862f.eot]
[vivaco.com/demo/startuply/assets/fonts/fontawesome-webfontd41d.eot]
[vivaco.com/demo/startuply/assets/fonts/fontawesome-webfont862f.woff]
[vivaco.com/demo/startuply/assets/fonts/fontawesome-webfont862f.ttf]
[vivaco.com/demo/startuply/assets/css/lib/font-awesome.min.css]
[vivaco.com/demo/startuply/assets/css/lib/font-lineicons.css]
[vivaco.com/demo/startuply/assets/fonts/fontawesome-webfont862f.svg]
[vivaco.com/demo/startuply/assets/css/lib/toastr.min.css]
[vivaco.com/demo/startuply/assets/css/lib/bootstrap.min.css]
[vivaco.com/demo/startuply/assets/img/background/low_poly_background.jpg]
[vivaco.com/demo/startuply/assets/img/icon/quotes-a.png]
[vivaco.com/demo/startuply/assets/img/icon/quotes-b.png]
[vivaco.com/demo/startuply/assets/img/magnify-cur.png]
[vivaco.com/demo/startuply/assets/img/products/product-no-img-800x560.jpg]
[vivaco.com/demo/startuply/assets/img/icon/yt_play_big_56x82.png]
[vivaco.com/demo/startuply/assets/img/icon/yt_controls_40x40.png]
[vivaco.com/demo/startuply/assets/img/logo.png]
[vivaco.com/demo/startuply/assets/img/logo-inverted.png]
[vivaco.com/demo/startuply/assets/img/background/form-bg1.jpg]
[vivaco.com/demo/startuply/assets/img/background/form-bg2.jpg]
[vivaco.com/demo/startuply/assets/img/background/form-bg3.jpg]
[vivaco.com/demo/startuply/assets/img/background/form-bg4.jpg]
[vivaco.com/demo/startuply/assets/img/background/lead-generation1.jpg]
[vivaco.com/demo/startuply/assets/img/background/lead-generation2.jpg]
[vivaco.com/demo/startuply/assets/img/background/lead-generation3.jpg]
[vivaco.com/demo/startuply/assets/img/background/smb_owner.jpg]
[vivaco.com/demo/startuply/assets/img/background/golden-gate-bridge.jpg]
[vivaco.com/demo/startuply/assets/img/background/pattern-icons.png]
[vivaco.com/demo/startuply/assets/img/features/video-container.png]
[vivaco.com/demo/startuply/assets/img/icon/quotes-a-white.png]
[vivaco.com/demo/startuply/assets/img/icon/quotes-b-white.png]
[vivaco.com/demo/startuply/assets/css/style.css]
[vivaco.com/demo/startuply/assets/js/owl/owl.carousel.css]
[vivaco.com/demo/startuply/assets/js/owl/owl.theme.css]
[vivaco.com/demo/startuply/assets/img/awwwards_honorable_black_left.png]
[s3.amazonaws.com/onepagelove/one-page-love-award-left.png]
[vivaco.com/demo/startuply/img/top-header.png]
[vivaco.com/demo/startuply/index-main.html]
[vivaco.com/demo/startuply/img/default.png]
[vivaco.com/demo/startuply/img/color.png]
[vivaco.com/demo/startuply/img/fast-reg.png]
[vivaco.com/demo/startuply/img/video.png]
[vivaco.com/demo/startuply/img/promo.png]
[vivaco.com/demo/startuply/img/registration.png]
[vivaco.com/demo/startuply/img/shortcodes.png]
[vivaco.com/demo/startuply/assets/js/jquery-1.11.0.min.js]
[vivaco.com/demo/startuply/assets/js/owl/owl.carousel.min.js]
[www.google-analytics.com/analytics.js]
[vivaco.com/demo/startuply/index.html]
[vivaco.com/demo/startuply/index-clickthrough.html]
[vivaco.com/demo/startuply/assets/img/features/app_block.png]
[vivaco.com/demo/startuply/index-color.html]
[vivaco.com/demo/startuply/index-promo.html]
[vivaco.com/demo/startuply/index-waiting-list.html]
[vivaco.com/demo/startuply/assets/js/jquery.mb.YTPlayer.min.js]
[vivaco.com/demo/startuply/index-video.html]
[vivaco.com/demo/startuply/assets/js/jquery-ui-slider.min.js]
[vivaco.com/demo/startuply/index-video-youtube.html]
[vivaco.com/demo/startuply/index-video-vimeo.html]
[vivaco.com/demo/startuply/assets/img/blog/blog1-848x330.jpg]
[vivaco.com/demo/startuply/assets/img/blog/blog2-300x300.jpg]
[vivaco.com/demo/startuply/assets/img/blog/blog3-300x300.jpg]
[vivaco.com/demo/startuply/assets/img/blog/blog4-300x300.jpg]
[vivaco.com/demo/startuply/assets/img/blog/blog1-300x300.jpg]
[vivaco.com/demo/startuply/assets/img/blog/blog5-300x300.jpg]
[vivaco.com/demo/startuply/blog.html]
[vivaco.com/demo/startuply/assets/img/blog/blog1-848x566.jpg]
[vivaco.com/demo/startuply/assets/img/blog/blog5-1000x664.jpg]
[vivaco.com/demo/startuply/blog-post.html]
[vivaco.com/demo/startuply/assets/img/products/product1_1024x1024.jpg]
[vivaco.com/demo/startuply/assets/img/products/product2_1280x1024.jpg]
[vivaco.com/demo/startuply/product-grid.html]
[vivaco.com/demo/startuply/product-list.html]
[vivaco.com/demo/startuply/assets/js/jquery.bxslider.min.js]
[vivaco.com/demo/startuply/product.html]
[vivaco.com/demo/startuply/assets/img/paypal-133x35.png]
[vivaco.com/demo/startuply/cart-checkout.html]
[vivaco.com/demo/startuply/payment-confirm.html]
[vivaco.com/demo/startuply/register.html]
[vivaco.com/demo/startuply/forms.html]
[vivaco.com/demo/startuply/assets/img/gallery/thumb-1.jpg]
[vivaco.com/demo/startuply/assets/img/gallery/thumb-2.jpg]
[vivaco.com/demo/startuply/assets/img/gallery/thumb-3.jpg]
[vivaco.com/demo/startuply/assets/img/gallery/thumb-4.jpg]
[vivaco.com/demo/startuply/icons-reference.html]
[vivaco.com/demo/startuply/shortcodes.html]
[vivaco.com/demo/startuply/assets/mailchimp/inc/store-address.html]
[vivaco.com/demo/startuply/assets/css/lib/animate.css]
[vivaco.com/demo/startuply/assets/fonts/fontawesome-webfont862f.svg]
[vivaco.com/demo/startuply/assets/fonts/line-icons.eot]
[vivaco.com/demo/startuply/assets/fonts/line-iconsd41d.eot]
[vivaco.com/demo/startuply/assets/fonts/line-icons.woff]
[vivaco.com/demo/startuply/assets/fonts/line-icons.ttf]
[vivaco.com/demo/startuply/assets/css/lib/font-lineicons.css]
[vivaco.com/demo/startuply/assets/css/lib/toastr.min.css]
[vivaco.com/demo/startuply/assets/css/lib/bootstrap.min.css]
[vivaco.com/demo/startuply/assets/fonts/line-icons.svg]
[vivaco.com/demo/startuply/assets/js/owl/owl.carousel.css]
[vivaco.com/demo/startuply/assets/js/owl/owl.theme.css]
[vivaco.com/demo/startuply/builder/index.html]
[vivaco.com/demo/startuply/index-main.html]
[vivaco.com/demo/startuply/register-2.html]
[vivaco.com/demo/startuply/icons-reference.html]
[vivaco.com/demo/startuply/assets/fonts/line-icons.svg]
[vivaco.com/demo/startuply/assets/css/fonts/glyphicons-halflings-regular.html]
[vivaco.com/demo/startuply/assets/css/fonts/glyphicons-halflings-regulard41d.html]
[vivaco.com/demo/startuply/assets/css/fonts/glyphicons-halflings-regular-2.html]
[vivaco.com/demo/startuply/assets/css/fonts/glyphicons-halflings-regular-3.html]
[vivaco.com/demo/startuply/assets/css/fonts/glyphicons-halflings-regular-4.html]
[vivaco.com/demo/startuply/assets/js/owl/grabbing.html]
[vivaco.com/demo/startuply/assets/js/owl/AjaxLoader.html]
